# Logfile created on 2026-04-21 10:37:49 +0530 by logger.rb/v1.7.0
[Avo->] 2026-04-21 18:48:00 +0530: Performing request to avohq.io API to check license availability.
[Avo->] 2026-04-22 10:22:23 +0530: Performing request to avohq.io API to check license availability.
[Avo->] 2026-04-22 10:27:03 +0530: Failed to find component for the `Avo::Fields::CarrierWaveImageField` field on the `index` view.
[Avo->] 2026-04-22 10:27:03 +0530: Failed to find component for the `Avo::Fields::CarrierWaveImageField` field on the `index` view.
[Avo->] 2026-04-22 10:27:03 +0530: Failed to find component for the `Avo::Fields::CarrierWaveImageField` field on the `index` view.
[Avo->] 2026-04-22 10:27:03 +0530: Failed to find component for the `Avo::Fields::CarrierWaveImageField` field on the `index` view.
[Avo->] 2026-04-22 10:27:03 +0530: Failed to find component for the `Avo::Fields::CarrierWaveImageField` field on the `index` view.
[Avo->] 2026-04-22 10:27:03 +0530: Failed to find component for the `Avo::Fields::CarrierWaveImageField` field on the `index` view.
[Avo->] 2026-04-22 10:27:03 +0530: Failed to find component for the `Avo::Fields::CarrierWaveImageField` field on the `index` view.
[Avo->] 2026-04-22 10:27:03 +0530: Failed to find component for the `Avo::Fields::CarrierWaveImageField` field on the `index` view.
[Avo->] 2026-04-22 10:27:03 +0530: Failed to find component for the `Avo::Fields::CarrierWaveImageField` field on the `index` view.
[Avo->] 2026-04-22 10:27:03 +0530: Failed to find component for the `Avo::Fields::CarrierWaveImageField` field on the `index` view.
[Avo->] 2026-04-22 10:27:09 +0530: Failed to find component for the `Avo::Fields::CarrierWaveImageField` field on the `index` view.
[Avo->] 2026-04-22 10:27:09 +0530: Failed to find component for the `Avo::Fields::CarrierWaveImageField` field on the `index` view.
[Avo->] 2026-04-22 10:27:09 +0530: Failed to find component for the `Avo::Fields::CarrierWaveImageField` field on the `index` view.
[Avo->] 2026-04-22 10:27:09 +0530: Failed to find component for the `Avo::Fields::CarrierWaveImageField` field on the `index` view.
[Avo->] 2026-04-22 10:27:09 +0530: Failed to find component for the `Avo::Fields::CarrierWaveImageField` field on the `index` view.
[Avo->] 2026-04-22 10:27:09 +0530: Failed to find component for the `Avo::Fields::CarrierWaveImageField` field on the `index` view.
[Avo->] 2026-04-22 10:27:09 +0530: Failed to find component for the `Avo::Fields::CarrierWaveImageField` field on the `index` view.
[Avo->] 2026-04-22 10:27:09 +0530: Failed to find component for the `Avo::Fields::CarrierWaveImageField` field on the `index` view.
[Avo->] 2026-04-22 10:27:09 +0530: Failed to find component for the `Avo::Fields::CarrierWaveImageField` field on the `index` view.
[Avo->] 2026-04-22 10:27:09 +0530: Failed to find component for the `Avo::Fields::CarrierWaveImageField` field on the `index` view.
[Avo->] 2026-04-22 10:27:19 +0530: Failed to find component for the `Avo::Fields::CarrierWaveImageField` field on the `index` view.
[Avo->] 2026-04-22 10:27:19 +0530: Failed to find component for the `Avo::Fields::CarrierWaveImageField` field on the `index` view.
[Avo->] 2026-04-22 10:27:19 +0530: Failed to find component for the `Avo::Fields::CarrierWaveImageField` field on the `index` view.
[Avo->] 2026-04-22 10:27:19 +0530: Failed to find component for the `Avo::Fields::CarrierWaveImageField` field on the `index` view.
[Avo->] 2026-04-22 10:27:19 +0530: Failed to find component for the `Avo::Fields::CarrierWaveImageField` field on the `index` view.
[Avo->] 2026-04-22 10:27:19 +0530: Failed to find component for the `Avo::Fields::CarrierWaveImageField` field on the `index` view.
[Avo->] 2026-04-22 10:27:19 +0530: Failed to find component for the `Avo::Fields::CarrierWaveImageField` field on the `index` view.
[Avo->] 2026-04-22 10:27:19 +0530: Failed to find component for the `Avo::Fields::CarrierWaveImageField` field on the `index` view.
[Avo->] 2026-04-22 10:27:19 +0530: Failed to find component for the `Avo::Fields::CarrierWaveImageField` field on the `index` view.
[Avo->] 2026-04-22 10:27:19 +0530: Failed to find component for the `Avo::Fields::CarrierWaveImageField` field on the `index` view.
[Avo->] 2026-04-22 10:27:26 +0530: Failed to find component for the `Avo::Fields::CarrierWaveImageField` field on the `index` view.
[Avo->] 2026-04-22 10:27:26 +0530: Failed to find component for the `Avo::Fields::CarrierWaveImageField` field on the `index` view.
[Avo->] 2026-04-22 10:27:26 +0530: Failed to find component for the `Avo::Fields::CarrierWaveImageField` field on the `index` view.
[Avo->] 2026-04-22 10:27:26 +0530: Failed to find component for the `Avo::Fields::CarrierWaveImageField` field on the `index` view.
[Avo->] 2026-04-22 10:27:26 +0530: Failed to find component for the `Avo::Fields::CarrierWaveImageField` field on the `index` view.
[Avo->] 2026-04-22 10:27:26 +0530: Failed to find component for the `Avo::Fields::CarrierWaveImageField` field on the `index` view.
[Avo->] 2026-04-22 10:27:26 +0530: Failed to find component for the `Avo::Fields::CarrierWaveImageField` field on the `index` view.
[Avo->] 2026-04-22 10:27:26 +0530: Failed to find component for the `Avo::Fields::CarrierWaveImageField` field on the `index` view.
[Avo->] 2026-04-22 10:27:26 +0530: Failed to find component for the `Avo::Fields::CarrierWaveImageField` field on the `index` view.
[Avo->] 2026-04-22 10:27:26 +0530: Failed to find component for the `Avo::Fields::CarrierWaveImageField` field on the `index` view.
[Avo->] 2026-04-22 10:27:32 +0530: Failed to find component for the `Avo::Fields::CarrierWaveImageField` field on the `index` view.
[Avo->] 2026-04-22 10:27:32 +0530: Failed to find component for the `Avo::Fields::CarrierWaveImageField` field on the `index` view.
[Avo->] 2026-04-22 10:27:32 +0530: Failed to find component for the `Avo::Fields::CarrierWaveImageField` field on the `index` view.
[Avo->] 2026-04-22 10:27:32 +0530: Failed to find component for the `Avo::Fields::CarrierWaveImageField` field on the `index` view.
[Avo->] 2026-04-22 10:27:32 +0530: Failed to find component for the `Avo::Fields::CarrierWaveImageField` field on the `index` view.
[Avo->] 2026-04-22 10:27:32 +0530: Failed to find component for the `Avo::Fields::CarrierWaveImageField` field on the `index` view.
[Avo->] 2026-04-22 10:27:32 +0530: Failed to find component for the `Avo::Fields::CarrierWaveImageField` field on the `index` view.
[Avo->] 2026-04-22 10:27:32 +0530: Failed to find component for the `Avo::Fields::CarrierWaveImageField` field on the `index` view.
[Avo->] 2026-04-22 10:27:32 +0530: Failed to find component for the `Avo::Fields::CarrierWaveImageField` field on the `index` view.
[Avo->] 2026-04-22 10:27:32 +0530: Failed to find component for the `Avo::Fields::CarrierWaveImageField` field on the `index` view.
[Avo->] 2026-04-22 10:27:40 +0530: Failed to find component for the `Avo::Fields::CarrierWaveImageField` field on the `index` view.
[Avo->] 2026-04-22 10:27:40 +0530: Failed to find component for the `Avo::Fields::CarrierWaveImageField` field on the `index` view.
[Avo->] 2026-04-22 10:27:40 +0530: Failed to find component for the `Avo::Fields::CarrierWaveImageField` field on the `index` view.
[Avo->] 2026-04-22 10:27:40 +0530: Failed to find component for the `Avo::Fields::CarrierWaveImageField` field on the `index` view.
[Avo->] 2026-04-22 10:27:40 +0530: Failed to find component for the `Avo::Fields::CarrierWaveImageField` field on the `index` view.
[Avo->] 2026-04-22 10:27:40 +0530: Failed to find component for the `Avo::Fields::CarrierWaveImageField` field on the `index` view.
[Avo->] 2026-04-22 10:27:40 +0530: Failed to find component for the `Avo::Fields::CarrierWaveImageField` field on the `index` view.
[Avo->] 2026-04-22 10:27:40 +0530: Failed to find component for the `Avo::Fields::CarrierWaveImageField` field on the `index` view.
[Avo->] 2026-04-22 10:27:40 +0530: Failed to find component for the `Avo::Fields::CarrierWaveImageField` field on the `index` view.
[Avo->] 2026-04-22 10:27:40 +0530: Failed to find component for the `Avo::Fields::CarrierWaveImageField` field on the `index` view.
[Avo->] 2026-04-22 10:27:41 +0530: Failed to find component for the `Avo::Fields::CarrierWaveImageField` field on the `edit` view.
[Avo->] 2026-04-22 10:27:49 +0530: Failed to find component for the `Avo::Fields::CarrierWaveImageField` field on the `index` view.
[Avo->] 2026-04-22 10:27:49 +0530: Failed to find component for the `Avo::Fields::CarrierWaveImageField` field on the `index` view.
[Avo->] 2026-04-22 10:27:49 +0530: Failed to find component for the `Avo::Fields::CarrierWaveImageField` field on the `index` view.
[Avo->] 2026-04-22 10:27:49 +0530: Failed to find component for the `Avo::Fields::CarrierWaveImageField` field on the `index` view.
[Avo->] 2026-04-22 10:27:49 +0530: Failed to find component for the `Avo::Fields::CarrierWaveImageField` field on the `index` view.
[Avo->] 2026-04-22 10:27:49 +0530: Failed to find component for the `Avo::Fields::CarrierWaveImageField` field on the `index` view.
[Avo->] 2026-04-22 10:27:49 +0530: Failed to find component for the `Avo::Fields::CarrierWaveImageField` field on the `index` view.
[Avo->] 2026-04-22 10:27:49 +0530: Failed to find component for the `Avo::Fields::CarrierWaveImageField` field on the `index` view.
[Avo->] 2026-04-22 10:27:49 +0530: Failed to find component for the `Avo::Fields::CarrierWaveImageField` field on the `index` view.
[Avo->] 2026-04-22 10:27:49 +0530: Failed to find component for the `Avo::Fields::CarrierWaveImageField` field on the `index` view.
[Avo->] 2026-04-22 10:28:13 +0530: Failed to find component for the `Avo::Fields::CarrierWaveImageField` field on the `index` view.
[Avo->] 2026-04-22 10:28:13 +0530: Failed to find component for the `Avo::Fields::CarrierWaveImageField` field on the `index` view.
[Avo->] 2026-04-22 10:28:13 +0530: Failed to find component for the `Avo::Fields::CarrierWaveImageField` field on the `index` view.
[Avo->] 2026-04-22 10:28:13 +0530: Failed to find component for the `Avo::Fields::CarrierWaveImageField` field on the `index` view.
[Avo->] 2026-04-22 10:28:13 +0530: Failed to find component for the `Avo::Fields::CarrierWaveImageField` field on the `index` view.
[Avo->] 2026-04-22 10:28:13 +0530: Failed to find component for the `Avo::Fields::CarrierWaveImageField` field on the `index` view.
[Avo->] 2026-04-22 10:28:13 +0530: Failed to find component for the `Avo::Fields::CarrierWaveImageField` field on the `index` view.
[Avo->] 2026-04-22 10:28:13 +0530: Failed to find component for the `Avo::Fields::CarrierWaveImageField` field on the `index` view.
[Avo->] 2026-04-22 10:28:13 +0530: Failed to find component for the `Avo::Fields::CarrierWaveImageField` field on the `index` view.
[Avo->] 2026-04-22 10:28:13 +0530: Failed to find component for the `Avo::Fields::CarrierWaveImageField` field on the `index` view.
[Avo->] 2026-04-22 10:28:17 +0530: Failed to find component for the `Avo::Fields::CarrierWaveImageField` field on the `index` view.
[Avo->] 2026-04-22 10:28:17 +0530: Failed to find component for the `Avo::Fields::CarrierWaveImageField` field on the `index` view.
[Avo->] 2026-04-22 10:28:17 +0530: Failed to find component for the `Avo::Fields::CarrierWaveImageField` field on the `index` view.
[Avo->] 2026-04-22 10:28:17 +0530: Failed to find component for the `Avo::Fields::CarrierWaveImageField` field on the `index` view.
[Avo->] 2026-04-22 10:28:17 +0530: Failed to find component for the `Avo::Fields::CarrierWaveImageField` field on the `index` view.
[Avo->] 2026-04-22 10:28:17 +0530: Failed to find component for the `Avo::Fields::CarrierWaveImageField` field on the `index` view.
[Avo->] 2026-04-22 10:28:17 +0530: Failed to find component for the `Avo::Fields::CarrierWaveImageField` field on the `index` view.
[Avo->] 2026-04-22 10:28:17 +0530: Failed to find component for the `Avo::Fields::CarrierWaveImageField` field on the `index` view.
[Avo->] 2026-04-22 10:28:17 +0530: Failed to find component for the `Avo::Fields::CarrierWaveImageField` field on the `index` view.
[Avo->] 2026-04-22 10:28:17 +0530: Failed to find component for the `Avo::Fields::CarrierWaveImageField` field on the `index` view.
[Avo->] 2026-04-22 10:28:35 +0530: Failed to find component for the `Avo::Fields::CarrierWaveImageField` field on the `index` view.
[Avo->] 2026-04-22 10:28:35 +0530: Failed to find component for the `Avo::Fields::CarrierWaveImageField` field on the `index` view.
[Avo->] 2026-04-22 10:28:35 +0530: Failed to find component for the `Avo::Fields::CarrierWaveImageField` field on the `index` view.
[Avo->] 2026-04-22 10:28:35 +0530: Failed to find component for the `Avo::Fields::CarrierWaveImageField` field on the `index` view.
[Avo->] 2026-04-22 10:28:35 +0530: Failed to find component for the `Avo::Fields::CarrierWaveImageField` field on the `index` view.
[Avo->] 2026-04-22 10:28:35 +0530: Failed to find component for the `Avo::Fields::CarrierWaveImageField` field on the `index` view.
[Avo->] 2026-04-22 10:28:35 +0530: Failed to find component for the `Avo::Fields::CarrierWaveImageField` field on the `index` view.
[Avo->] 2026-04-22 10:28:35 +0530: Failed to find component for the `Avo::Fields::CarrierWaveImageField` field on the `index` view.
[Avo->] 2026-04-22 10:28:35 +0530: Failed to find component for the `Avo::Fields::CarrierWaveImageField` field on the `index` view.
[Avo->] 2026-04-22 10:28:35 +0530: Failed to find component for the `Avo::Fields::CarrierWaveImageField` field on the `index` view.
[Avo->] 2026-04-22 10:30:01 +0530: Failed to find component for the `Avo::Fields::CarrierWaveImageField` field on the `index` view.
[Avo->] 2026-04-22 10:30:01 +0530: Failed to find component for the `Avo::Fields::CarrierWaveImageField` field on the `index` view.
[Avo->] 2026-04-22 10:30:01 +0530: Failed to find component for the `Avo::Fields::CarrierWaveImageField` field on the `index` view.
[Avo->] 2026-04-22 10:30:01 +0530: Failed to find component for the `Avo::Fields::CarrierWaveImageField` field on the `index` view.
[Avo->] 2026-04-22 10:30:01 +0530: Failed to find component for the `Avo::Fields::CarrierWaveImageField` field on the `index` view.
[Avo->] 2026-04-22 10:30:01 +0530: Failed to find component for the `Avo::Fields::CarrierWaveImageField` field on the `index` view.
[Avo->] 2026-04-22 10:30:01 +0530: Failed to find component for the `Avo::Fields::CarrierWaveImageField` field on the `index` view.
[Avo->] 2026-04-22 10:30:01 +0530: Failed to find component for the `Avo::Fields::CarrierWaveImageField` field on the `index` view.
[Avo->] 2026-04-22 10:30:01 +0530: Failed to find component for the `Avo::Fields::CarrierWaveImageField` field on the `index` view.
[Avo->] 2026-04-22 10:30:01 +0530: Failed to find component for the `Avo::Fields::CarrierWaveImageField` field on the `index` view.
[Avo->] 2026-04-22 10:30:06 +0530: Failed to find component for the `Avo::Fields::CarrierWaveImageField` field on the `index` view.
[Avo->] 2026-04-22 10:30:06 +0530: Failed to find component for the `Avo::Fields::CarrierWaveImageField` field on the `index` view.
[Avo->] 2026-04-22 10:30:06 +0530: Failed to find component for the `Avo::Fields::CarrierWaveImageField` field on the `index` view.
[Avo->] 2026-04-22 10:30:06 +0530: Failed to find component for the `Avo::Fields::CarrierWaveImageField` field on the `index` view.
[Avo->] 2026-04-22 10:30:06 +0530: Failed to find component for the `Avo::Fields::CarrierWaveImageField` field on the `index` view.
[Avo->] 2026-04-22 10:30:06 +0530: Failed to find component for the `Avo::Fields::CarrierWaveImageField` field on the `index` view.
[Avo->] 2026-04-22 10:30:06 +0530: Failed to find component for the `Avo::Fields::CarrierWaveImageField` field on the `index` view.
[Avo->] 2026-04-22 10:30:06 +0530: Failed to find component for the `Avo::Fields::CarrierWaveImageField` field on the `index` view.
[Avo->] 2026-04-22 10:30:06 +0530: Failed to find component for the `Avo::Fields::CarrierWaveImageField` field on the `index` view.
[Avo->] 2026-04-22 10:30:06 +0530: Failed to find component for the `Avo::Fields::CarrierWaveImageField` field on the `index` view.
[Avo->] 2026-04-22 10:30:07 +0530: Failed to find component for the `Avo::Fields::CarrierWaveImageField` field on the `index` view.
[Avo->] 2026-04-22 10:30:07 +0530: Failed to find component for the `Avo::Fields::CarrierWaveImageField` field on the `index` view.
[Avo->] 2026-04-22 10:30:07 +0530: Failed to find component for the `Avo::Fields::CarrierWaveImageField` field on the `index` view.
[Avo->] 2026-04-22 10:30:07 +0530: Failed to find component for the `Avo::Fields::CarrierWaveImageField` field on the `index` view.
[Avo->] 2026-04-22 10:30:07 +0530: Failed to find component for the `Avo::Fields::CarrierWaveImageField` field on the `index` view.
[Avo->] 2026-04-22 10:30:07 +0530: Failed to find component for the `Avo::Fields::CarrierWaveImageField` field on the `index` view.
[Avo->] 2026-04-22 10:30:07 +0530: Failed to find component for the `Avo::Fields::CarrierWaveImageField` field on the `index` view.
[Avo->] 2026-04-22 10:30:07 +0530: Failed to find component for the `Avo::Fields::CarrierWaveImageField` field on the `index` view.
[Avo->] 2026-04-22 10:30:07 +0530: Failed to find component for the `Avo::Fields::CarrierWaveImageField` field on the `index` view.
[Avo->] 2026-04-22 10:30:07 +0530: Failed to find component for the `Avo::Fields::CarrierWaveImageField` field on the `index` view.
[Avo->] 2026-04-22 10:30:44 +0530: Failed to find component for the `Avo::Fields::CarrierWaveImageField` field on the `index` view.
[Avo->] 2026-04-22 10:30:44 +0530: Failed to find component for the `Avo::Fields::CarrierWaveImageField` field on the `index` view.
[Avo->] 2026-04-22 10:30:44 +0530: Failed to find component for the `Avo::Fields::CarrierWaveImageField` field on the `index` view.
[Avo->] 2026-04-22 10:30:45 +0530: Failed to find component for the `Avo::Fields::CarrierWaveImageField` field on the `index` view.
[Avo->] 2026-04-22 10:30:45 +0530: Failed to find component for the `Avo::Fields::CarrierWaveImageField` field on the `index` view.
[Avo->] 2026-04-22 10:30:45 +0530: Failed to find component for the `Avo::Fields::CarrierWaveImageField` field on the `index` view.
[Avo->] 2026-04-22 10:30:45 +0530: Failed to find component for the `Avo::Fields::CarrierWaveImageField` field on the `index` view.
[Avo->] 2026-04-22 10:30:45 +0530: Failed to find component for the `Avo::Fields::CarrierWaveImageField` field on the `index` view.
[Avo->] 2026-04-22 10:30:45 +0530: Failed to find component for the `Avo::Fields::CarrierWaveImageField` field on the `index` view.
[Avo->] 2026-04-22 10:30:45 +0530: Failed to find component for the `Avo::Fields::CarrierWaveImageField` field on the `index` view.
[Avo->] 2026-04-22 10:31:03 +0530: Failed to find component for the `Avo::Fields::CarrierWaveImageField` field on the `index` view.
[Avo->] 2026-04-22 10:31:03 +0530: Failed to find component for the `Avo::Fields::CarrierWaveImageField` field on the `index` view.
[Avo->] 2026-04-22 10:31:03 +0530: Failed to find component for the `Avo::Fields::CarrierWaveImageField` field on the `index` view.
[Avo->] 2026-04-22 10:31:03 +0530: Failed to find component for the `Avo::Fields::CarrierWaveImageField` field on the `index` view.
[Avo->] 2026-04-22 10:31:03 +0530: Failed to find component for the `Avo::Fields::CarrierWaveImageField` field on the `index` view.
[Avo->] 2026-04-22 10:31:03 +0530: Failed to find component for the `Avo::Fields::CarrierWaveImageField` field on the `index` view.
[Avo->] 2026-04-22 10:31:03 +0530: Failed to find component for the `Avo::Fields::CarrierWaveImageField` field on the `index` view.
[Avo->] 2026-04-22 10:31:03 +0530: Failed to find component for the `Avo::Fields::CarrierWaveImageField` field on the `index` view.
[Avo->] 2026-04-22 10:31:03 +0530: Failed to find component for the `Avo::Fields::CarrierWaveImageField` field on the `index` view.
[Avo->] 2026-04-22 10:31:03 +0530: Failed to find component for the `Avo::Fields::CarrierWaveImageField` field on the `index` view.
[Avo->] 2026-04-22 10:31:05 +0530: Failed to find component for the `Avo::Fields::CarrierWaveImageField` field on the `index` view.
[Avo->] 2026-04-22 10:31:05 +0530: Failed to find component for the `Avo::Fields::CarrierWaveImageField` field on the `index` view.
[Avo->] 2026-04-22 10:31:05 +0530: Failed to find component for the `Avo::Fields::CarrierWaveImageField` field on the `index` view.
[Avo->] 2026-04-22 10:31:05 +0530: Failed to find component for the `Avo::Fields::CarrierWaveImageField` field on the `index` view.
[Avo->] 2026-04-22 10:31:05 +0530: Failed to find component for the `Avo::Fields::CarrierWaveImageField` field on the `index` view.
[Avo->] 2026-04-22 10:31:05 +0530: Failed to find component for the `Avo::Fields::CarrierWaveImageField` field on the `index` view.
[Avo->] 2026-04-22 10:31:06 +0530: Failed to find component for the `Avo::Fields::CarrierWaveImageField` field on the `index` view.
[Avo->] 2026-04-22 10:31:06 +0530: Failed to find component for the `Avo::Fields::CarrierWaveImageField` field on the `index` view.
[Avo->] 2026-04-22 10:31:06 +0530: Failed to find component for the `Avo::Fields::CarrierWaveImageField` field on the `index` view.
[Avo->] 2026-04-22 10:31:06 +0530: Failed to find component for the `Avo::Fields::CarrierWaveImageField` field on the `index` view.
[Avo->] 2026-04-22 10:31:09 +0530: Failed to find component for the `Avo::Fields::CarrierWaveImageField` field on the `index` view.
[Avo->] 2026-04-22 10:31:09 +0530: Failed to find component for the `Avo::Fields::CarrierWaveImageField` field on the `index` view.
[Avo->] 2026-04-22 10:31:09 +0530: Failed to find component for the `Avo::Fields::CarrierWaveImageField` field on the `index` view.
[Avo->] 2026-04-22 10:31:09 +0530: Failed to find component for the `Avo::Fields::CarrierWaveImageField` field on the `index` view.
[Avo->] 2026-04-22 10:31:09 +0530: Failed to find component for the `Avo::Fields::CarrierWaveImageField` field on the `index` view.
[Avo->] 2026-04-22 10:31:09 +0530: Failed to find component for the `Avo::Fields::CarrierWaveImageField` field on the `index` view.
[Avo->] 2026-04-22 10:31:09 +0530: Failed to find component for the `Avo::Fields::CarrierWaveImageField` field on the `index` view.
[Avo->] 2026-04-22 10:31:09 +0530: Failed to find component for the `Avo::Fields::CarrierWaveImageField` field on the `index` view.
[Avo->] 2026-04-22 10:31:09 +0530: Failed to find component for the `Avo::Fields::CarrierWaveImageField` field on the `index` view.
[Avo->] 2026-04-22 10:31:09 +0530: Failed to find component for the `Avo::Fields::CarrierWaveImageField` field on the `index` view.
[Avo->] 2026-04-22 10:31:11 +0530: Failed to find component for the `Avo::Fields::CarrierWaveImageField` field on the `index` view.
[Avo->] 2026-04-22 10:31:11 +0530: Failed to find component for the `Avo::Fields::CarrierWaveImageField` field on the `index` view.
[Avo->] 2026-04-22 10:31:11 +0530: Failed to find component for the `Avo::Fields::CarrierWaveImageField` field on the `index` view.
[Avo->] 2026-04-22 10:31:11 +0530: Failed to find component for the `Avo::Fields::CarrierWaveImageField` field on the `index` view.
[Avo->] 2026-04-22 10:31:11 +0530: Failed to find component for the `Avo::Fields::CarrierWaveImageField` field on the `index` view.
[Avo->] 2026-04-22 10:31:11 +0530: Failed to find component for the `Avo::Fields::CarrierWaveImageField` field on the `index` view.
[Avo->] 2026-04-22 10:31:11 +0530: Failed to find component for the `Avo::Fields::CarrierWaveImageField` field on the `index` view.
[Avo->] 2026-04-22 10:31:11 +0530: Failed to find component for the `Avo::Fields::CarrierWaveImageField` field on the `index` view.
[Avo->] 2026-04-22 10:31:11 +0530: Failed to find component for the `Avo::Fields::CarrierWaveImageField` field on the `index` view.
[Avo->] 2026-04-22 10:31:11 +0530: Failed to find component for the `Avo::Fields::CarrierWaveImageField` field on the `index` view.
[Avo->] 2026-04-22 10:31:13 +0530: Failed to find component for the `Avo::Fields::CarrierWaveImageField` field on the `index` view.
[Avo->] 2026-04-22 10:31:13 +0530: Failed to find component for the `Avo::Fields::CarrierWaveImageField` field on the `index` view.
[Avo->] 2026-04-22 10:31:13 +0530: Failed to find component for the `Avo::Fields::CarrierWaveImageField` field on the `index` view.
[Avo->] 2026-04-22 10:31:13 +0530: Failed to find component for the `Avo::Fields::CarrierWaveImageField` field on the `index` view.
[Avo->] 2026-04-22 10:31:13 +0530: Failed to find component for the `Avo::Fields::CarrierWaveImageField` field on the `index` view.
[Avo->] 2026-04-22 10:31:13 +0530: Failed to find component for the `Avo::Fields::CarrierWaveImageField` field on the `index` view.
[Avo->] 2026-04-22 10:31:13 +0530: Failed to find component for the `Avo::Fields::CarrierWaveImageField` field on the `index` view.
[Avo->] 2026-04-22 10:31:13 +0530: Failed to find component for the `Avo::Fields::CarrierWaveImageField` field on the `index` view.
[Avo->] 2026-04-22 10:31:13 +0530: Failed to find component for the `Avo::Fields::CarrierWaveImageField` field on the `index` view.
[Avo->] 2026-04-22 10:31:13 +0530: Failed to find component for the `Avo::Fields::CarrierWaveImageField` field on the `index` view.
[Avo->] 2026-04-22 10:31:13 +0530: Failed to find component for the `Avo::Fields::CarrierWaveImageField` field on the `edit` view.
[Avo->] 2026-04-22 10:31:32 +0530: Failed to find component for the `Avo::Fields::CarrierWaveImageField` field on the `index` view.
[Avo->] 2026-04-22 10:31:32 +0530: Failed to find component for the `Avo::Fields::CarrierWaveImageField` field on the `index` view.
[Avo->] 2026-04-22 10:31:32 +0530: Failed to find component for the `Avo::Fields::CarrierWaveImageField` field on the `index` view.
[Avo->] 2026-04-22 10:31:32 +0530: Failed to find component for the `Avo::Fields::CarrierWaveImageField` field on the `index` view.
[Avo->] 2026-04-22 10:31:32 +0530: Failed to find component for the `Avo::Fields::CarrierWaveImageField` field on the `index` view.
[Avo->] 2026-04-22 10:31:32 +0530: Failed to find component for the `Avo::Fields::CarrierWaveImageField` field on the `index` view.
[Avo->] 2026-04-22 10:31:32 +0530: Failed to find component for the `Avo::Fields::CarrierWaveImageField` field on the `index` view.
[Avo->] 2026-04-22 10:31:32 +0530: Failed to find component for the `Avo::Fields::CarrierWaveImageField` field on the `index` view.
[Avo->] 2026-04-22 10:31:32 +0530: Failed to find component for the `Avo::Fields::CarrierWaveImageField` field on the `index` view.
[Avo->] 2026-04-22 10:31:32 +0530: Failed to find component for the `Avo::Fields::CarrierWaveImageField` field on the `index` view.
[Avo->] 2026-04-22 10:31:37 +0530: Failed to find component for the `Avo::Fields::CarrierWaveImageField` field on the `index` view.
[Avo->] 2026-04-22 10:31:38 +0530: Failed to find component for the `Avo::Fields::CarrierWaveImageField` field on the `index` view.
[Avo->] 2026-04-22 10:31:38 +0530: Failed to find component for the `Avo::Fields::CarrierWaveImageField` field on the `index` view.
[Avo->] 2026-04-22 10:31:38 +0530: Failed to find component for the `Avo::Fields::CarrierWaveImageField` field on the `index` view.
[Avo->] 2026-04-22 10:31:38 +0530: Failed to find component for the `Avo::Fields::CarrierWaveImageField` field on the `index` view.
[Avo->] 2026-04-22 10:31:38 +0530: Failed to find component for the `Avo::Fields::CarrierWaveImageField` field on the `index` view.
[Avo->] 2026-04-22 10:31:38 +0530: Failed to find component for the `Avo::Fields::CarrierWaveImageField` field on the `index` view.
[Avo->] 2026-04-22 10:31:38 +0530: Failed to find component for the `Avo::Fields::CarrierWaveImageField` field on the `index` view.
[Avo->] 2026-04-22 10:31:38 +0530: Failed to find component for the `Avo::Fields::CarrierWaveImageField` field on the `index` view.
[Avo->] 2026-04-22 10:31:38 +0530: Failed to find component for the `Avo::Fields::CarrierWaveImageField` field on the `index` view.
[Avo->] 2026-04-22 10:31:49 +0530: Failed to find component for the `Avo::Fields::CarrierWaveImageField` field on the `index` view.
[Avo->] 2026-04-22 10:31:49 +0530: Failed to find component for the `Avo::Fields::CarrierWaveImageField` field on the `index` view.
[Avo->] 2026-04-22 10:31:49 +0530: Failed to find component for the `Avo::Fields::CarrierWaveImageField` field on the `index` view.
[Avo->] 2026-04-22 10:31:49 +0530: Failed to find component for the `Avo::Fields::CarrierWaveImageField` field on the `index` view.
[Avo->] 2026-04-22 10:31:49 +0530: Failed to find component for the `Avo::Fields::CarrierWaveImageField` field on the `index` view.
[Avo->] 2026-04-22 10:31:49 +0530: Failed to find component for the `Avo::Fields::CarrierWaveImageField` field on the `index` view.
[Avo->] 2026-04-22 10:31:49 +0530: Failed to find component for the `Avo::Fields::CarrierWaveImageField` field on the `index` view.
[Avo->] 2026-04-22 10:31:49 +0530: Failed to find component for the `Avo::Fields::CarrierWaveImageField` field on the `index` view.
[Avo->] 2026-04-22 10:31:49 +0530: Failed to find component for the `Avo::Fields::CarrierWaveImageField` field on the `index` view.
[Avo->] 2026-04-22 10:31:49 +0530: Failed to find component for the `Avo::Fields::CarrierWaveImageField` field on the `index` view.
[Avo->] 2026-04-22 10:33:04 +0530: Failed to find component for the `Avo::Fields::CarrierWaveImageField` field on the `index` view.
[Avo->] 2026-04-22 10:33:04 +0530: Failed to find component for the `Avo::Fields::CarrierWaveImageField` field on the `index` view.
[Avo->] 2026-04-22 10:33:04 +0530: Failed to find component for the `Avo::Fields::CarrierWaveImageField` field on the `index` view.
[Avo->] 2026-04-22 10:33:04 +0530: Failed to find component for the `Avo::Fields::CarrierWaveImageField` field on the `index` view.
[Avo->] 2026-04-22 10:33:04 +0530: Failed to find component for the `Avo::Fields::CarrierWaveImageField` field on the `index` view.
[Avo->] 2026-04-22 10:33:04 +0530: Failed to find component for the `Avo::Fields::CarrierWaveImageField` field on the `index` view.
[Avo->] 2026-04-22 10:33:04 +0530: Failed to find component for the `Avo::Fields::CarrierWaveImageField` field on the `index` view.
[Avo->] 2026-04-22 10:33:04 +0530: Failed to find component for the `Avo::Fields::CarrierWaveImageField` field on the `index` view.
[Avo->] 2026-04-22 10:33:04 +0530: Failed to find component for the `Avo::Fields::CarrierWaveImageField` field on the `index` view.
[Avo->] 2026-04-22 10:33:04 +0530: Failed to find component for the `Avo::Fields::CarrierWaveImageField` field on the `index` view.
[Avo->] 2026-04-22 10:33:07 +0530: Failed to find component for the `Avo::Fields::CarrierWaveImageField` field on the `index` view.
[Avo->] 2026-04-22 10:33:07 +0530: Failed to find component for the `Avo::Fields::CarrierWaveImageField` field on the `index` view.
[Avo->] 2026-04-22 10:33:07 +0530: Failed to find component for the `Avo::Fields::CarrierWaveImageField` field on the `index` view.
[Avo->] 2026-04-22 10:33:07 +0530: Failed to find component for the `Avo::Fields::CarrierWaveImageField` field on the `index` view.
[Avo->] 2026-04-22 10:33:07 +0530: Failed to find component for the `Avo::Fields::CarrierWaveImageField` field on the `index` view.
[Avo->] 2026-04-22 10:33:07 +0530: Failed to find component for the `Avo::Fields::CarrierWaveImageField` field on the `index` view.
[Avo->] 2026-04-22 10:33:07 +0530: Failed to find component for the `Avo::Fields::CarrierWaveImageField` field on the `index` view.
[Avo->] 2026-04-22 10:33:07 +0530: Failed to find component for the `Avo::Fields::CarrierWaveImageField` field on the `index` view.
[Avo->] 2026-04-22 10:33:07 +0530: Failed to find component for the `Avo::Fields::CarrierWaveImageField` field on the `index` view.
[Avo->] 2026-04-22 10:33:07 +0530: Failed to find component for the `Avo::Fields::CarrierWaveImageField` field on the `index` view.
[Avo->] 2026-04-22 10:33:08 +0530: Failed to find component for the `Avo::Fields::CarrierWaveImageField` field on the `index` view.
[Avo->] 2026-04-22 10:33:08 +0530: Failed to find component for the `Avo::Fields::CarrierWaveImageField` field on the `index` view.
[Avo->] 2026-04-22 10:33:08 +0530: Failed to find component for the `Avo::Fields::CarrierWaveImageField` field on the `index` view.
[Avo->] 2026-04-22 10:33:08 +0530: Failed to find component for the `Avo::Fields::CarrierWaveImageField` field on the `index` view.
[Avo->] 2026-04-22 10:33:08 +0530: Failed to find component for the `Avo::Fields::CarrierWaveImageField` field on the `index` view.
[Avo->] 2026-04-22 10:33:08 +0530: Failed to find component for the `Avo::Fields::CarrierWaveImageField` field on the `index` view.
[Avo->] 2026-04-22 10:33:08 +0530: Failed to find component for the `Avo::Fields::CarrierWaveImageField` field on the `index` view.
[Avo->] 2026-04-22 10:33:08 +0530: Failed to find component for the `Avo::Fields::CarrierWaveImageField` field on the `index` view.
[Avo->] 2026-04-22 10:33:08 +0530: Failed to find component for the `Avo::Fields::CarrierWaveImageField` field on the `index` view.
[Avo->] 2026-04-22 10:33:08 +0530: Failed to find component for the `Avo::Fields::CarrierWaveImageField` field on the `index` view.
[Avo->] 2026-04-22 10:33:09 +0530: Failed to find component for the `Avo::Fields::CarrierWaveImageField` field on the `index` view.
[Avo->] 2026-04-22 10:33:09 +0530: Failed to find component for the `Avo::Fields::CarrierWaveImageField` field on the `index` view.
[Avo->] 2026-04-22 10:33:09 +0530: Failed to find component for the `Avo::Fields::CarrierWaveImageField` field on the `index` view.
[Avo->] 2026-04-22 10:33:09 +0530: Failed to find component for the `Avo::Fields::CarrierWaveImageField` field on the `index` view.
[Avo->] 2026-04-22 10:33:09 +0530: Failed to find component for the `Avo::Fields::CarrierWaveImageField` field on the `index` view.
[Avo->] 2026-04-22 10:33:09 +0530: Failed to find component for the `Avo::Fields::CarrierWaveImageField` field on the `index` view.
[Avo->] 2026-04-22 10:33:09 +0530: Failed to find component for the `Avo::Fields::CarrierWaveImageField` field on the `index` view.
[Avo->] 2026-04-22 10:33:09 +0530: Failed to find component for the `Avo::Fields::CarrierWaveImageField` field on the `index` view.
[Avo->] 2026-04-22 10:33:09 +0530: Failed to find component for the `Avo::Fields::CarrierWaveImageField` field on the `index` view.
[Avo->] 2026-04-22 10:33:09 +0530: Failed to find component for the `Avo::Fields::CarrierWaveImageField` field on the `index` view.
[Avo->] 2026-04-22 10:37:50 +0530: Failed to find component for the `Avo::Fields::CarrierWaveImageField` field on the `edit` view.
[Avo->] 2026-04-22 10:37:59 +0530: Failed to find component for the `Avo::Fields::CarrierWaveImageField` field on the `index` view.
[Avo->] 2026-04-22 10:37:59 +0530: Failed to find component for the `Avo::Fields::CarrierWaveImageField` field on the `index` view.
[Avo->] 2026-04-22 10:37:59 +0530: Failed to find component for the `Avo::Fields::CarrierWaveImageField` field on the `index` view.
[Avo->] 2026-04-22 10:37:59 +0530: Failed to find component for the `Avo::Fields::CarrierWaveImageField` field on the `index` view.
[Avo->] 2026-04-22 10:37:59 +0530: Failed to find component for the `Avo::Fields::CarrierWaveImageField` field on the `index` view.
[Avo->] 2026-04-22 10:37:59 +0530: Failed to find component for the `Avo::Fields::CarrierWaveImageField` field on the `index` view.
[Avo->] 2026-04-22 10:37:59 +0530: Failed to find component for the `Avo::Fields::CarrierWaveImageField` field on the `index` view.
[Avo->] 2026-04-22 10:37:59 +0530: Failed to find component for the `Avo::Fields::CarrierWaveImageField` field on the `index` view.
[Avo->] 2026-04-22 10:37:59 +0530: Failed to find component for the `Avo::Fields::CarrierWaveImageField` field on the `index` view.
[Avo->] 2026-04-22 10:37:59 +0530: Failed to find component for the `Avo::Fields::CarrierWaveImageField` field on the `index` view.
[Avo->] 2026-04-22 10:37:59 +0530: Failed to find component for the `Avo::Fields::CarrierWaveImageField` field on the `index` view.
[Avo->] 2026-04-22 10:37:59 +0530: Failed to find component for the `Avo::Fields::CarrierWaveImageField` field on the `index` view.
[Avo->] 2026-04-22 10:37:59 +0530: Failed to find component for the `Avo::Fields::CarrierWaveImageField` field on the `index` view.
[Avo->] 2026-04-22 10:38:00 +0530: Failed to find component for the `Avo::Fields::CarrierWaveImageField` field on the `index` view.
[Avo->] 2026-04-22 10:38:00 +0530: Failed to find component for the `Avo::Fields::CarrierWaveImageField` field on the `index` view.
[Avo->] 2026-04-22 10:38:00 +0530: Failed to find component for the `Avo::Fields::CarrierWaveImageField` field on the `index` view.
[Avo->] 2026-04-22 10:38:00 +0530: Failed to find component for the `Avo::Fields::CarrierWaveImageField` field on the `index` view.
[Avo->] 2026-04-22 10:38:00 +0530: Failed to find component for the `Avo::Fields::CarrierWaveImageField` field on the `index` view.
[Avo->] 2026-04-22 10:38:00 +0530: Failed to find component for the `Avo::Fields::CarrierWaveImageField` field on the `index` view.
[Avo->] 2026-04-22 10:38:00 +0530: Failed to find component for the `Avo::Fields::CarrierWaveImageField` field on the `index` view.
[Avo->] 2026-04-22 10:38:01 +0530: Failed to find component for the `Avo::Fields::CarrierWaveImageField` field on the `index` view.
[Avo->] 2026-04-22 10:38:01 +0530: Failed to find component for the `Avo::Fields::CarrierWaveImageField` field on the `index` view.
[Avo->] 2026-04-22 10:38:01 +0530: Failed to find component for the `Avo::Fields::CarrierWaveImageField` field on the `index` view.
[Avo->] 2026-04-22 10:38:01 +0530: Failed to find component for the `Avo::Fields::CarrierWaveImageField` field on the `index` view.
[Avo->] 2026-04-22 10:38:01 +0530: Failed to find component for the `Avo::Fields::CarrierWaveImageField` field on the `index` view.
[Avo->] 2026-04-22 10:38:01 +0530: Failed to find component for the `Avo::Fields::CarrierWaveImageField` field on the `index` view.
[Avo->] 2026-04-22 10:38:01 +0530: Failed to find component for the `Avo::Fields::CarrierWaveImageField` field on the `index` view.
[Avo->] 2026-04-22 10:38:01 +0530: Failed to find component for the `Avo::Fields::CarrierWaveImageField` field on the `index` view.
[Avo->] 2026-04-22 10:38:01 +0530: Failed to find component for the `Avo::Fields::CarrierWaveImageField` field on the `index` view.
[Avo->] 2026-04-22 10:38:01 +0530: Failed to find component for the `Avo::Fields::CarrierWaveImageField` field on the `index` view.
[Avo->] 2026-04-22 10:38:02 +0530: Failed to find component for the `Avo::Fields::CarrierWaveImageField` field on the `index` view.
[Avo->] 2026-04-22 10:38:02 +0530: Failed to find component for the `Avo::Fields::CarrierWaveImageField` field on the `index` view.
[Avo->] 2026-04-22 10:38:02 +0530: Failed to find component for the `Avo::Fields::CarrierWaveImageField` field on the `index` view.
[Avo->] 2026-04-22 10:38:02 +0530: Failed to find component for the `Avo::Fields::CarrierWaveImageField` field on the `index` view.
[Avo->] 2026-04-22 10:38:02 +0530: Failed to find component for the `Avo::Fields::CarrierWaveImageField` field on the `index` view.
[Avo->] 2026-04-22 10:38:02 +0530: Failed to find component for the `Avo::Fields::CarrierWaveImageField` field on the `index` view.
[Avo->] 2026-04-22 10:38:02 +0530: Failed to find component for the `Avo::Fields::CarrierWaveImageField` field on the `index` view.
[Avo->] 2026-04-22 10:38:02 +0530: Failed to find component for the `Avo::Fields::CarrierWaveImageField` field on the `index` view.
[Avo->] 2026-04-22 10:38:02 +0530: Failed to find component for the `Avo::Fields::CarrierWaveImageField` field on the `index` view.
[Avo->] 2026-04-22 10:38:02 +0530: Failed to find component for the `Avo::Fields::CarrierWaveImageField` field on the `index` view.
[Avo->] 2026-04-22 10:38:26 +0530: Failed to find component for the `Avo::Fields::CarrierWaveImageField` field on the `index` view.
[Avo->] 2026-04-22 10:38:26 +0530: Failed to find component for the `Avo::Fields::CarrierWaveImageField` field on the `index` view.
[Avo->] 2026-04-22 10:38:26 +0530: Failed to find component for the `Avo::Fields::CarrierWaveImageField` field on the `index` view.
[Avo->] 2026-04-22 10:38:26 +0530: Failed to find component for the `Avo::Fields::CarrierWaveImageField` field on the `index` view.
[Avo->] 2026-04-22 10:38:26 +0530: Failed to find component for the `Avo::Fields::CarrierWaveImageField` field on the `index` view.
[Avo->] 2026-04-22 10:38:26 +0530: Failed to find component for the `Avo::Fields::CarrierWaveImageField` field on the `index` view.
[Avo->] 2026-04-22 10:38:26 +0530: Failed to find component for the `Avo::Fields::CarrierWaveImageField` field on the `index` view.
[Avo->] 2026-04-22 10:38:26 +0530: Failed to find component for the `Avo::Fields::CarrierWaveImageField` field on the `index` view.
[Avo->] 2026-04-22 10:38:26 +0530: Failed to find component for the `Avo::Fields::CarrierWaveImageField` field on the `index` view.
[Avo->] 2026-04-22 10:38:26 +0530: Failed to find component for the `Avo::Fields::CarrierWaveImageField` field on the `index` view.
[Avo->] 2026-04-22 10:38:28 +0530: Failed to find component for the `Avo::Fields::CarrierWaveImageField` field on the `index` view.
[Avo->] 2026-04-22 10:38:28 +0530: Failed to find component for the `Avo::Fields::CarrierWaveImageField` field on the `index` view.
[Avo->] 2026-04-22 10:38:28 +0530: Failed to find component for the `Avo::Fields::CarrierWaveImageField` field on the `index` view.
[Avo->] 2026-04-22 10:38:28 +0530: Failed to find component for the `Avo::Fields::CarrierWaveImageField` field on the `index` view.
[Avo->] 2026-04-22 10:38:28 +0530: Failed to find component for the `Avo::Fields::CarrierWaveImageField` field on the `index` view.
[Avo->] 2026-04-22 10:38:28 +0530: Failed to find component for the `Avo::Fields::CarrierWaveImageField` field on the `index` view.
[Avo->] 2026-04-22 10:38:28 +0530: Failed to find component for the `Avo::Fields::CarrierWaveImageField` field on the `index` view.
[Avo->] 2026-04-22 10:38:28 +0530: Failed to find component for the `Avo::Fields::CarrierWaveImageField` field on the `index` view.
[Avo->] 2026-04-22 10:38:28 +0530: Failed to find component for the `Avo::Fields::CarrierWaveImageField` field on the `index` view.
[Avo->] 2026-04-22 10:38:28 +0530: Failed to find component for the `Avo::Fields::CarrierWaveImageField` field on the `index` view.
[Avo->] 2026-04-22 10:38:30 +0530: Failed to find component for the `Avo::Fields::CarrierWaveImageField` field on the `index` view.
[Avo->] 2026-04-22 10:38:30 +0530: Failed to find component for the `Avo::Fields::CarrierWaveImageField` field on the `index` view.
[Avo->] 2026-04-22 10:38:30 +0530: Failed to find component for the `Avo::Fields::CarrierWaveImageField` field on the `index` view.
[Avo->] 2026-04-22 10:38:30 +0530: Failed to find component for the `Avo::Fields::CarrierWaveImageField` field on the `index` view.
[Avo->] 2026-04-22 10:38:30 +0530: Failed to find component for the `Avo::Fields::CarrierWaveImageField` field on the `index` view.
[Avo->] 2026-04-22 10:38:30 +0530: Failed to find component for the `Avo::Fields::CarrierWaveImageField` field on the `index` view.
[Avo->] 2026-04-22 10:38:30 +0530: Failed to find component for the `Avo::Fields::CarrierWaveImageField` field on the `index` view.
[Avo->] 2026-04-22 10:38:30 +0530: Failed to find component for the `Avo::Fields::CarrierWaveImageField` field on the `index` view.
[Avo->] 2026-04-22 10:38:30 +0530: Failed to find component for the `Avo::Fields::CarrierWaveImageField` field on the `index` view.
[Avo->] 2026-04-22 10:38:30 +0530: Failed to find component for the `Avo::Fields::CarrierWaveImageField` field on the `index` view.
[Avo->] 2026-04-22 10:38:32 +0530: Failed to find component for the `Avo::Fields::CarrierWaveImageField` field on the `index` view.
[Avo->] 2026-04-22 10:38:32 +0530: Failed to find component for the `Avo::Fields::CarrierWaveImageField` field on the `index` view.
[Avo->] 2026-04-22 10:38:32 +0530: Failed to find component for the `Avo::Fields::CarrierWaveImageField` field on the `index` view.
[Avo->] 2026-04-22 10:38:32 +0530: Failed to find component for the `Avo::Fields::CarrierWaveImageField` field on the `index` view.
[Avo->] 2026-04-22 10:38:32 +0530: Failed to find component for the `Avo::Fields::CarrierWaveImageField` field on the `index` view.
[Avo->] 2026-04-22 10:38:32 +0530: Failed to find component for the `Avo::Fields::CarrierWaveImageField` field on the `index` view.
[Avo->] 2026-04-22 10:38:32 +0530: Failed to find component for the `Avo::Fields::CarrierWaveImageField` field on the `index` view.
[Avo->] 2026-04-22 10:38:32 +0530: Failed to find component for the `Avo::Fields::CarrierWaveImageField` field on the `index` view.
[Avo->] 2026-04-22 10:38:32 +0530: Failed to find component for the `Avo::Fields::CarrierWaveImageField` field on the `index` view.
[Avo->] 2026-04-22 10:38:32 +0530: Failed to find component for the `Avo::Fields::CarrierWaveImageField` field on the `index` view.
[Avo->] 2026-04-22 10:38:37 +0530: Failed to find component for the `Avo::Fields::CarrierWaveImageField` field on the `index` view.
[Avo->] 2026-04-22 10:38:37 +0530: Failed to find component for the `Avo::Fields::CarrierWaveImageField` field on the `index` view.
[Avo->] 2026-04-22 10:38:37 +0530: Failed to find component for the `Avo::Fields::CarrierWaveImageField` field on the `index` view.
[Avo->] 2026-04-22 10:38:37 +0530: Failed to find component for the `Avo::Fields::CarrierWaveImageField` field on the `index` view.
[Avo->] 2026-04-22 10:38:37 +0530: Failed to find component for the `Avo::Fields::CarrierWaveImageField` field on the `index` view.
[Avo->] 2026-04-22 10:38:37 +0530: Failed to find component for the `Avo::Fields::CarrierWaveImageField` field on the `index` view.
[Avo->] 2026-04-22 10:38:37 +0530: Failed to find component for the `Avo::Fields::CarrierWaveImageField` field on the `index` view.
[Avo->] 2026-04-22 10:38:37 +0530: Failed to find component for the `Avo::Fields::CarrierWaveImageField` field on the `index` view.
[Avo->] 2026-04-22 10:38:37 +0530: Failed to find component for the `Avo::Fields::CarrierWaveImageField` field on the `index` view.
[Avo->] 2026-04-22 10:38:37 +0530: Failed to find component for the `Avo::Fields::CarrierWaveImageField` field on the `index` view.
[Avo->] 2026-04-22 10:39:19 +0530: Failed to find component for the `Avo::Fields::CarrierWaveImageField` field on the `index` view.
[Avo->] 2026-04-22 10:39:19 +0530: Failed to find component for the `Avo::Fields::CarrierWaveImageField` field on the `index` view.
[Avo->] 2026-04-22 10:39:19 +0530: Failed to find component for the `Avo::Fields::CarrierWaveImageField` field on the `index` view.
[Avo->] 2026-04-22 10:39:19 +0530: Failed to find component for the `Avo::Fields::CarrierWaveImageField` field on the `index` view.
[Avo->] 2026-04-22 10:39:19 +0530: Failed to find component for the `Avo::Fields::CarrierWaveImageField` field on the `index` view.
[Avo->] 2026-04-22 10:39:19 +0530: Failed to find component for the `Avo::Fields::CarrierWaveImageField` field on the `index` view.
[Avo->] 2026-04-22 10:39:19 +0530: Failed to find component for the `Avo::Fields::CarrierWaveImageField` field on the `index` view.
[Avo->] 2026-04-22 10:39:19 +0530: Failed to find component for the `Avo::Fields::CarrierWaveImageField` field on the `index` view.
[Avo->] 2026-04-22 10:39:19 +0530: Failed to find component for the `Avo::Fields::CarrierWaveImageField` field on the `index` view.
[Avo->] 2026-04-22 10:39:19 +0530: Failed to find component for the `Avo::Fields::CarrierWaveImageField` field on the `index` view.
[Avo->] 2026-04-22 10:40:47 +0530: Failed to find component for the `Avo::Fields::CarrierWaveImageField` field on the `index` view.
[Avo->] 2026-04-22 10:40:47 +0530: Failed to find component for the `Avo::Fields::CarrierWaveImageField` field on the `index` view.
[Avo->] 2026-04-22 10:40:47 +0530: Failed to find component for the `Avo::Fields::CarrierWaveImageField` field on the `index` view.
[Avo->] 2026-04-22 10:40:47 +0530: Failed to find component for the `Avo::Fields::CarrierWaveImageField` field on the `index` view.
[Avo->] 2026-04-22 10:40:47 +0530: Failed to find component for the `Avo::Fields::CarrierWaveImageField` field on the `index` view.
[Avo->] 2026-04-22 10:40:47 +0530: Failed to find component for the `Avo::Fields::CarrierWaveImageField` field on the `index` view.
[Avo->] 2026-04-22 10:40:47 +0530: Failed to find component for the `Avo::Fields::CarrierWaveImageField` field on the `index` view.
[Avo->] 2026-04-22 10:40:47 +0530: Failed to find component for the `Avo::Fields::CarrierWaveImageField` field on the `index` view.
[Avo->] 2026-04-22 10:40:47 +0530: Failed to find component for the `Avo::Fields::CarrierWaveImageField` field on the `index` view.
[Avo->] 2026-04-22 10:40:47 +0530: Failed to find component for the `Avo::Fields::CarrierWaveImageField` field on the `index` view.
[Avo->] 2026-04-22 10:58:38 +0530: Failed to find component for the `Avo::Fields::CarrierWaveImageField` field on the `index` view.
[Avo->] 2026-04-22 10:58:38 +0530: Failed to find component for the `Avo::Fields::CarrierWaveImageField` field on the `index` view.
[Avo->] 2026-04-22 10:58:38 +0530: Failed to find component for the `Avo::Fields::CarrierWaveImageField` field on the `index` view.
[Avo->] 2026-04-22 10:58:38 +0530: Failed to find component for the `Avo::Fields::CarrierWaveImageField` field on the `index` view.
[Avo->] 2026-04-22 10:58:38 +0530: Failed to find component for the `Avo::Fields::CarrierWaveImageField` field on the `index` view.
[Avo->] 2026-04-22 10:58:38 +0530: Failed to find component for the `Avo::Fields::CarrierWaveImageField` field on the `index` view.
[Avo->] 2026-04-22 10:58:38 +0530: Failed to find component for the `Avo::Fields::CarrierWaveImageField` field on the `index` view.
[Avo->] 2026-04-22 10:58:38 +0530: Failed to find component for the `Avo::Fields::CarrierWaveImageField` field on the `index` view.
[Avo->] 2026-04-22 10:58:38 +0530: Failed to find component for the `Avo::Fields::CarrierWaveImageField` field on the `index` view.
[Avo->] 2026-04-22 10:58:38 +0530: Failed to find component for the `Avo::Fields::CarrierWaveImageField` field on the `index` view.
[Avo->] 2026-04-22 10:58:41 +0530: Failed to find component for the `Avo::Fields::CarrierWaveImageField` field on the `index` view.
[Avo->] 2026-04-22 10:58:41 +0530: Failed to find component for the `Avo::Fields::CarrierWaveImageField` field on the `index` view.
[Avo->] 2026-04-22 10:58:41 +0530: Failed to find component for the `Avo::Fields::CarrierWaveImageField` field on the `index` view.
[Avo->] 2026-04-22 10:58:41 +0530: Failed to find component for the `Avo::Fields::CarrierWaveImageField` field on the `index` view.
[Avo->] 2026-04-22 10:58:41 +0530: Failed to find component for the `Avo::Fields::CarrierWaveImageField` field on the `index` view.
[Avo->] 2026-04-22 10:58:41 +0530: Failed to find component for the `Avo::Fields::CarrierWaveImageField` field on the `index` view.
[Avo->] 2026-04-22 10:58:42 +0530: Failed to find component for the `Avo::Fields::CarrierWaveImageField` field on the `index` view.
[Avo->] 2026-04-22 10:58:42 +0530: Failed to find component for the `Avo::Fields::CarrierWaveImageField` field on the `index` view.
[Avo->] 2026-04-22 10:58:42 +0530: Failed to find component for the `Avo::Fields::CarrierWaveImageField` field on the `index` view.
[Avo->] 2026-04-22 10:58:42 +0530: Failed to find component for the `Avo::Fields::CarrierWaveImageField` field on the `index` view.
[Avo->] 2026-04-22 10:58:50 +0530: Failed to find component for the `Avo::Fields::CarrierWaveImageField` field on the `index` view.
[Avo->] 2026-04-22 10:58:50 +0530: Failed to find component for the `Avo::Fields::CarrierWaveImageField` field on the `index` view.
[Avo->] 2026-04-22 10:58:50 +0530: Failed to find component for the `Avo::Fields::CarrierWaveImageField` field on the `index` view.
[Avo->] 2026-04-22 10:58:50 +0530: Failed to find component for the `Avo::Fields::CarrierWaveImageField` field on the `index` view.
[Avo->] 2026-04-22 10:58:50 +0530: Failed to find component for the `Avo::Fields::CarrierWaveImageField` field on the `index` view.
[Avo->] 2026-04-22 10:58:50 +0530: Failed to find component for the `Avo::Fields::CarrierWaveImageField` field on the `index` view.
[Avo->] 2026-04-22 10:58:50 +0530: Failed to find component for the `Avo::Fields::CarrierWaveImageField` field on the `index` view.
[Avo->] 2026-04-22 10:58:50 +0530: Failed to find component for the `Avo::Fields::CarrierWaveImageField` field on the `index` view.
[Avo->] 2026-04-22 10:58:50 +0530: Failed to find component for the `Avo::Fields::CarrierWaveImageField` field on the `index` view.
[Avo->] 2026-04-22 10:58:50 +0530: Failed to find component for the `Avo::Fields::CarrierWaveImageField` field on the `index` view.
[Avo->] 2026-04-22 10:59:51 +0530: Failed to find component for the `Avo::Fields::CarrierWaveImageField` field on the `index` view.
[Avo->] 2026-04-22 10:59:51 +0530: Failed to find component for the `Avo::Fields::CarrierWaveImageField` field on the `index` view.
[Avo->] 2026-04-22 10:59:51 +0530: Failed to find component for the `Avo::Fields::CarrierWaveImageField` field on the `index` view.
[Avo->] 2026-04-22 10:59:51 +0530: Failed to find component for the `Avo::Fields::CarrierWaveImageField` field on the `index` view.
[Avo->] 2026-04-22 10:59:51 +0530: Failed to find component for the `Avo::Fields::CarrierWaveImageField` field on the `index` view.
[Avo->] 2026-04-22 10:59:51 +0530: Failed to find component for the `Avo::Fields::CarrierWaveImageField` field on the `index` view.
[Avo->] 2026-04-22 10:59:51 +0530: Failed to find component for the `Avo::Fields::CarrierWaveImageField` field on the `index` view.
[Avo->] 2026-04-22 10:59:51 +0530: Failed to find component for the `Avo::Fields::CarrierWaveImageField` field on the `index` view.
[Avo->] 2026-04-22 10:59:51 +0530: Failed to find component for the `Avo::Fields::CarrierWaveImageField` field on the `index` view.
[Avo->] 2026-04-22 10:59:51 +0530: Failed to find component for the `Avo::Fields::CarrierWaveImageField` field on the `index` view.
[Avo->] 2026-04-22 10:59:53 +0530: Failed to find component for the `Avo::Fields::CarrierWaveImageField` field on the `index` view.
[Avo->] 2026-04-22 10:59:53 +0530: Failed to find component for the `Avo::Fields::CarrierWaveImageField` field on the `index` view.
[Avo->] 2026-04-22 10:59:53 +0530: Failed to find component for the `Avo::Fields::CarrierWaveImageField` field on the `index` view.
[Avo->] 2026-04-22 10:59:53 +0530: Failed to find component for the `Avo::Fields::CarrierWaveImageField` field on the `index` view.
[Avo->] 2026-04-22 10:59:53 +0530: Failed to find component for the `Avo::Fields::CarrierWaveImageField` field on the `index` view.
[Avo->] 2026-04-22 10:59:53 +0530: Failed to find component for the `Avo::Fields::CarrierWaveImageField` field on the `index` view.
[Avo->] 2026-04-22 10:59:53 +0530: Failed to find component for the `Avo::Fields::CarrierWaveImageField` field on the `index` view.
[Avo->] 2026-04-22 10:59:53 +0530: Failed to find component for the `Avo::Fields::CarrierWaveImageField` field on the `index` view.
[Avo->] 2026-04-22 10:59:53 +0530: Failed to find component for the `Avo::Fields::CarrierWaveImageField` field on the `index` view.
[Avo->] 2026-04-22 10:59:53 +0530: Failed to find component for the `Avo::Fields::CarrierWaveImageField` field on the `index` view.
[Avo->] 2026-04-22 11:00:43 +0530: Failed to find component for the `Avo::Fields::CarrierWaveImageField` field on the `index` view.
[Avo->] 2026-04-22 11:00:43 +0530: Failed to find component for the `Avo::Fields::CarrierWaveImageField` field on the `index` view.
[Avo->] 2026-04-22 11:00:43 +0530: Failed to find component for the `Avo::Fields::CarrierWaveImageField` field on the `index` view.
[Avo->] 2026-04-22 11:00:43 +0530: Failed to find component for the `Avo::Fields::CarrierWaveImageField` field on the `index` view.
[Avo->] 2026-04-22 11:00:43 +0530: Failed to find component for the `Avo::Fields::CarrierWaveImageField` field on the `index` view.
[Avo->] 2026-04-22 11:00:43 +0530: Failed to find component for the `Avo::Fields::CarrierWaveImageField` field on the `index` view.
[Avo->] 2026-04-22 11:00:43 +0530: Failed to find component for the `Avo::Fields::CarrierWaveImageField` field on the `index` view.
[Avo->] 2026-04-22 11:00:43 +0530: Failed to find component for the `Avo::Fields::CarrierWaveImageField` field on the `index` view.
[Avo->] 2026-04-22 11:00:43 +0530: Failed to find component for the `Avo::Fields::CarrierWaveImageField` field on the `index` view.
[Avo->] 2026-04-22 11:00:43 +0530: Failed to find component for the `Avo::Fields::CarrierWaveImageField` field on the `index` view.
[Avo->] 2026-04-22 11:00:45 +0530: Failed to find component for the `Avo::Fields::CarrierWaveImageField` field on the `index` view.
[Avo->] 2026-04-22 11:00:45 +0530: Failed to find component for the `Avo::Fields::CarrierWaveImageField` field on the `index` view.
[Avo->] 2026-04-22 11:00:45 +0530: Failed to find component for the `Avo::Fields::CarrierWaveImageField` field on the `index` view.
[Avo->] 2026-04-22 11:00:45 +0530: Failed to find component for the `Avo::Fields::CarrierWaveImageField` field on the `index` view.
[Avo->] 2026-04-22 11:00:45 +0530: Failed to find component for the `Avo::Fields::CarrierWaveImageField` field on the `index` view.
[Avo->] 2026-04-22 11:00:45 +0530: Failed to find component for the `Avo::Fields::CarrierWaveImageField` field on the `index` view.
[Avo->] 2026-04-22 11:00:46 +0530: Failed to find component for the `Avo::Fields::CarrierWaveImageField` field on the `index` view.
[Avo->] 2026-04-22 11:00:46 +0530: Failed to find component for the `Avo::Fields::CarrierWaveImageField` field on the `index` view.
[Avo->] 2026-04-22 11:00:46 +0530: Failed to find component for the `Avo::Fields::CarrierWaveImageField` field on the `index` view.
[Avo->] 2026-04-22 11:00:46 +0530: Failed to find component for the `Avo::Fields::CarrierWaveImageField` field on the `index` view.
[Avo->] 2026-04-22 11:01:02 +0530: Failed to find component for the `Avo::Fields::CarrierWaveImageField` field on the `index` view.
[Avo->] 2026-04-22 11:01:02 +0530: Failed to find component for the `Avo::Fields::CarrierWaveImageField` field on the `index` view.
[Avo->] 2026-04-22 11:01:02 +0530: Failed to find component for the `Avo::Fields::CarrierWaveImageField` field on the `index` view.
[Avo->] 2026-04-22 11:01:02 +0530: Failed to find component for the `Avo::Fields::CarrierWaveImageField` field on the `index` view.
[Avo->] 2026-04-22 11:01:02 +0530: Failed to find component for the `Avo::Fields::CarrierWaveImageField` field on the `index` view.
[Avo->] 2026-04-22 11:01:02 +0530: Failed to find component for the `Avo::Fields::CarrierWaveImageField` field on the `index` view.
[Avo->] 2026-04-22 11:01:02 +0530: Failed to find component for the `Avo::Fields::CarrierWaveImageField` field on the `index` view.
[Avo->] 2026-04-22 11:01:02 +0530: Failed to find component for the `Avo::Fields::CarrierWaveImageField` field on the `index` view.
[Avo->] 2026-04-22 11:01:02 +0530: Failed to find component for the `Avo::Fields::CarrierWaveImageField` field on the `index` view.
[Avo->] 2026-04-22 11:01:02 +0530: Failed to find component for the `Avo::Fields::CarrierWaveImageField` field on the `index` view.
[Avo->] 2026-04-22 11:01:09 +0530: Failed to find component for the `Avo::Fields::CarrierWaveImageField` field on the `index` view.
[Avo->] 2026-04-22 11:01:09 +0530: Failed to find component for the `Avo::Fields::CarrierWaveImageField` field on the `index` view.
[Avo->] 2026-04-22 11:01:09 +0530: Failed to find component for the `Avo::Fields::CarrierWaveImageField` field on the `index` view.
[Avo->] 2026-04-22 11:01:09 +0530: Failed to find component for the `Avo::Fields::CarrierWaveImageField` field on the `index` view.
[Avo->] 2026-04-22 11:01:09 +0530: Failed to find component for the `Avo::Fields::CarrierWaveImageField` field on the `index` view.
[Avo->] 2026-04-22 11:01:09 +0530: Failed to find component for the `Avo::Fields::CarrierWaveImageField` field on the `index` view.
[Avo->] 2026-04-22 11:01:09 +0530: Failed to find component for the `Avo::Fields::CarrierWaveImageField` field on the `index` view.
[Avo->] 2026-04-22 11:01:09 +0530: Failed to find component for the `Avo::Fields::CarrierWaveImageField` field on the `index` view.
[Avo->] 2026-04-22 11:01:09 +0530: Failed to find component for the `Avo::Fields::CarrierWaveImageField` field on the `index` view.
[Avo->] 2026-04-22 11:01:09 +0530: Failed to find component for the `Avo::Fields::CarrierWaveImageField` field on the `index` view.
[Avo->] 2026-04-22 11:02:16 +0530: Failed to find component for the `Avo::Fields::CarrierWaveImageField` field on the `index` view.
[Avo->] 2026-04-22 11:02:16 +0530: Failed to find component for the `Avo::Fields::CarrierWaveImageField` field on the `index` view.
[Avo->] 2026-04-22 11:02:16 +0530: Failed to find component for the `Avo::Fields::CarrierWaveImageField` field on the `index` view.
[Avo->] 2026-04-22 11:02:16 +0530: Failed to find component for the `Avo::Fields::CarrierWaveImageField` field on the `index` view.
[Avo->] 2026-04-22 11:02:16 +0530: Failed to find component for the `Avo::Fields::CarrierWaveImageField` field on the `index` view.
[Avo->] 2026-04-22 11:02:16 +0530: Failed to find component for the `Avo::Fields::CarrierWaveImageField` field on the `index` view.
[Avo->] 2026-04-22 11:02:16 +0530: Failed to find component for the `Avo::Fields::CarrierWaveImageField` field on the `index` view.
[Avo->] 2026-04-22 11:02:16 +0530: Failed to find component for the `Avo::Fields::CarrierWaveImageField` field on the `index` view.
[Avo->] 2026-04-22 11:02:16 +0530: Failed to find component for the `Avo::Fields::CarrierWaveImageField` field on the `index` view.
[Avo->] 2026-04-22 11:02:16 +0530: Failed to find component for the `Avo::Fields::CarrierWaveImageField` field on the `index` view.
[Avo->] 2026-04-22 11:02:17 +0530: Failed to find component for the `Avo::Fields::CarrierWaveImageField` field on the `index` view.
[Avo->] 2026-04-22 11:02:17 +0530: Failed to find component for the `Avo::Fields::CarrierWaveImageField` field on the `index` view.
[Avo->] 2026-04-22 11:02:17 +0530: Failed to find component for the `Avo::Fields::CarrierWaveImageField` field on the `index` view.
[Avo->] 2026-04-22 11:02:17 +0530: Failed to find component for the `Avo::Fields::CarrierWaveImageField` field on the `index` view.
[Avo->] 2026-04-22 11:02:17 +0530: Failed to find component for the `Avo::Fields::CarrierWaveImageField` field on the `index` view.
[Avo->] 2026-04-22 11:02:17 +0530: Failed to find component for the `Avo::Fields::CarrierWaveImageField` field on the `index` view.
[Avo->] 2026-04-22 11:02:17 +0530: Failed to find component for the `Avo::Fields::CarrierWaveImageField` field on the `index` view.
[Avo->] 2026-04-22 11:02:17 +0530: Failed to find component for the `Avo::Fields::CarrierWaveImageField` field on the `index` view.
[Avo->] 2026-04-22 11:02:17 +0530: Failed to find component for the `Avo::Fields::CarrierWaveImageField` field on the `index` view.
[Avo->] 2026-04-22 11:02:17 +0530: Failed to find component for the `Avo::Fields::CarrierWaveImageField` field on the `index` view.
[Avo->] 2026-04-22 11:02:19 +0530: Failed to find component for the `Avo::Fields::CarrierWaveImageField` field on the `index` view.
[Avo->] 2026-04-22 11:02:19 +0530: Failed to find component for the `Avo::Fields::CarrierWaveImageField` field on the `index` view.
[Avo->] 2026-04-22 11:02:19 +0530: Failed to find component for the `Avo::Fields::CarrierWaveImageField` field on the `index` view.
[Avo->] 2026-04-22 11:02:19 +0530: Failed to find component for the `Avo::Fields::CarrierWaveImageField` field on the `index` view.
[Avo->] 2026-04-22 11:02:19 +0530: Failed to find component for the `Avo::Fields::CarrierWaveImageField` field on the `index` view.
[Avo->] 2026-04-22 11:02:19 +0530: Failed to find component for the `Avo::Fields::CarrierWaveImageField` field on the `index` view.
[Avo->] 2026-04-22 11:02:19 +0530: Failed to find component for the `Avo::Fields::CarrierWaveImageField` field on the `index` view.
[Avo->] 2026-04-22 11:02:19 +0530: Failed to find component for the `Avo::Fields::CarrierWaveImageField` field on the `index` view.
[Avo->] 2026-04-22 11:02:19 +0530: Failed to find component for the `Avo::Fields::CarrierWaveImageField` field on the `index` view.
[Avo->] 2026-04-22 11:02:19 +0530: Failed to find component for the `Avo::Fields::CarrierWaveImageField` field on the `index` view.
